// Jest Snapshot v1, https://goo.gl/fbAQLP

exports[`render connected TextFieldClass component should match snapshot 1`] = `
<div>
  <div>
    <div
      className={undefined}
      style={
        Object {
          "backgroundColor": "transparent",
          "cursor": "auto",
          "display": "inline-block",
          "fontFamily": "Roboto, sans-serif",
          "fontSize": 16,
          "height": 72,
          "lineHeight": "24px",
          "muiPrepared": true,
          "position": "relative",
          "transition": "height 200ms cubic-bezier(0.23, 1, 0.32, 1) 0ms",
          "width": "100%",
        }
      }
    >
      <label
        className={undefined}
        htmlFor="basic-textfield"
        onClick={undefined}
        style={
          Object {
            "color": "rgba(0, 0, 0, 0.3)",
            "lineHeight": "22px",
            "muiPrepared": true,
            "pointerEvents": "none",
            "position": "absolute",
            "top": 38,
            "transform": "scale(1) translate(0, 0)",
            "transformOrigin": "left top",
            "transition": "all 450ms cubic-bezier(0.23, 1, 0.32, 1) 0ms",
            "userSelect": "none",
            "zIndex": 1,
          }
        }
      >
        Email
      </label>
      <div
        style={
          Object {
            "bottom": 12,
            "color": "rgba(0, 0, 0, 0.3)",
            "muiPrepared": true,
            "opacity": 0,
            "position": "absolute",
            "transition": "all 450ms cubic-bezier(0.23, 1, 0.32, 1) 0ms",
          }
        }
      >
        Email
      </div>
      <input
        disabled={false}
        id="basic-textfield"
        onBlur={[Function]}
        onChange={[Function]}
        onFocus={[Function]}
        style={
          Object {
            "WebkitOpacity": 1,
            "WebkitTapHighlightColor": "rgba(0,0,0,0)",
            "appearance": "textfield",
            "backgroundColor": "rgba(0,0,0,0)",
            "border": "none",
            "boxSizing": "border-box",
            "color": "rgba(0, 0, 0, 0.87)",
            "cursor": "inherit",
            "font": "inherit",
            "height": "100%",
            "marginTop": 14,
            "muiPrepared": true,
            "outline": "none",
            "padding": 0,
            "position": "relative",
            "width": "100%",
          }
        }
        type="email"
      />
      <div>
        <hr
          aria-hidden="true"
          style={
            Object {
              "borderBottomStyle": "solid",
              "borderBottomWidth": 1,
              "borderColor": "#e0e0e0",
              "borderLeft": "none",
              "borderRight": "none",
              "borderTop": "none",
              "bottom": 8,
              "boxSizing": "content-box",
              "margin": 0,
              "muiPrepared": true,
              "position": "absolute",
              "width": "100%",
            }
          }
        />
        <hr
          aria-hidden="true"
          style={
            Object {
              "borderBottomStyle": "solid",
              "borderBottomWidth": 2,
              "borderColor": "#00bcd4",
              "borderLeft": "none",
              "borderRight": "none",
              "borderTop": "none",
              "bottom": 8,
              "boxSizing": "content-box",
              "margin": 0,
              "muiPrepared": true,
              "position": "absolute",
              "transform": "scaleX(0)",
              "transition": "all 450ms cubic-bezier(0.23, 1, 0.32, 1) 0ms",
              "width": "100%",
            }
          }
        />
      </div>
    </div>
  </div>
</div>
`;
